📝 Log (text):  /home/lenovo-loq/Desktop/Transform_bipedal_vinhust/logs/imu_fusion_20260825_134730.log
📝 Log (jsonl): /home/lenovo-loq/Desktop/Transform_bipedal_vinhust/logs/imu_fusion_20260825_134730.jsonl
✓ LEFT IMU controller connected to mobile2.local:5556
✓ RIGHT IMU controller connected to mobile1.local:5555

================================================================================
✓ SimpleIMUFusion initialized
  LEFT:  mobile2.local:5556
  RIGHT: mobile1.local:5555
================================================================================

================================================================================
🔄 IMU FUSION - READING DATA
================================================================================

⏳ Waiting for servers to warm up IMU...
   5s remaining...   4s remaining...   3s remaining...   2s remaining...   1s remaining...   ✅ Servers ready!                    

--------------------------------------------------------------------------------
⏰ 13:47:35 [Iteration 1]

  📤 Requesting IMU data...
  ✓ LEFT raw:  ['-0.6989', '0.0306', '-0.0111', '0.7145']
  ✓ RIGHT raw: ['0.9875', '-0.0358', '0.0104', '0.1528']

  🧭 EULER GỐC (chưa transform - so trực tiếp với gyroacce.py):
     LEFT:  Roll=  -3.36°  Pitch=  -1.62°  Yaw= -91.22°
     RIGHT: Roll=  -3.87°  Pitch=  +1.81°  Yaw= +17.53°

  🔍 LEFT TRANSFORM DEBUG:
     [Result] q_baselink:         w=-0.6989 x=+0.0111 y=+0.0306 z=+0.7145

  🔍 RIGHT TRANSFORM DEBUG:
     [Result] q_baselink:         w=+0.9875 x=-0.0104 y=-0.0358 z=+0.1528

  📊 NORM CHECK (after transform):
     LEFT:  ||q|| = 1.000000 ✅
     RIGHT: ||q|| = 1.000000 ✅

📍 VỊ TRÍ (Baselink):
  LEFT:   X=-0.000024  Y=-0.015000  Z=+0.085100
  RIGHT:  X=+0.000000  Y=+0.015000  Z=+0.085100
  FUSION: X=-0.000012  Y=+0.000000  Z=+0.085100

🧭 HƯỚNG (Euler - độ):
  LEFT:   Roll=  +1.62°  Pitch=  -3.36°  Yaw= -91.31°
  RIGHT:  Roll=  -1.81°  Pitch=  -3.87°  Yaw= +17.66°
  FUSION: Roll=  +0.04°  Pitch=  -4.50°  Yaw= -36.84°

📊 QUATERNION (Baselink):
  LEFT:   w=-0.6989  x=+0.0111  y=+0.0306  z=+0.7145
  RIGHT:  w=+0.9875  x=-0.0104  y=-0.0358  z=+0.1528
  FUSION: w=-0.9480  x=+0.0121  y=+0.0373  z=+0.3157

--------------------------------------------------------------------------------
⏰ 13:47:36 [Iteration 2]

  📤 Requesting IMU data...
  ✓ LEFT raw:  ['-0.6933', '0.0246', '-0.0113', '0.7201']
  ✓ RIGHT raw: ['0.9874', '-0.0349', '0.0132', '0.1536']

  🧭 EULER GỐC (chưa transform - so trực tiếp với gyroacce.py):
     LEFT:  Roll=  -2.89°  Pitch=  -1.13°  Yaw= -92.15°
     RIGHT: Roll=  -3.72°  Pitch=  +2.11°  Yaw= +17.61°

  🔍 LEFT TRANSFORM DEBUG:
     [Result] q_baselink:         w=-0.6933 x=+0.0113 y=+0.0246 z=+0.7201

  🔍 RIGHT TRANSFORM DEBUG:
     [Result] q_baselink:         w=+0.9874 x=-0.0132 y=-0.0349 z=+0.1536

  📊 NORM CHECK (after transform):
     LEFT:  ||q|| = 1.000000 ✅
     RIGHT: ||q|| = 1.000000 ✅

📍 VỊ TRÍ (Baselink):
  LEFT:   X=-0.000024  Y=-0.015000  Z=+0.085100
  RIGHT:  X=+0.000000  Y=+0.015000  Z=+0.085100
  FUSION: X=-0.000012  Y=+0.000000  Z=+0.085100

🧭 HƯỚNG (Euler - độ):
  LEFT:   Roll=  +1.13°  Pitch=  -2.89°  Yaw= -92.21°
  RIGHT:  Roll=  -2.11°  Pitch=  -3.71°  Yaw= +17.75°
  FUSION: Roll=  -0.28°  Pitch=  -4.15°  Yaw= -37.25°

📊 QUATERNION (Baselink):
  LEFT:   w=-0.6933  x=+0.0113  y=+0.0246  z=+0.7201
  RIGHT:  w=+0.9874  x=-0.0132  y=-0.0349  z=+0.1536
  FUSION: w=-0.9470  x=+0.0138  y=+0.0335  z=+0.3192

--------------------------------------------------------------------------------
⏰ 13:47:37 [Iteration 3]

  📤 Requesting IMU data...
  ✓ LEFT raw:  ['-0.6912', '0.0242', '-0.0061', '0.7222']
  ✓ RIGHT raw: ['0.9861', '-0.0277', '0.0093', '0.1636']

  🧭 EULER GỐC (chưa transform - so trực tiếp với gyroacce.py):
     LEFT:  Roll=  -2.42°  Pitch=  -1.52°  Yaw= -92.48°
     RIGHT: Roll=  -2.95°  Pitch=  +1.57°  Yaw= +18.79°

  🔍 LEFT TRANSFORM DEBUG:
     [Result] q_baselink:         w=-0.6912 x=+0.0061 y=+0.0242 z=+0.7222

  🔍 RIGHT TRANSFORM DEBUG:
     [Result] q_baselink:         w=+0.9861 x=-0.0093 y=-0.0277 z=+0.1636

  📊 NORM CHECK (after transform):
     LEFT:  ||q|| = 1.000000 ✅
     RIGHT: ||q|| = 1.000000 ✅

📍 VỊ TRÍ (Baselink):
  LEFT:   X=-0.000024  Y=-0.015000  Z=+0.085100
  RIGHT:  X=+0.000000  Y=+0.015000  Z=+0.085100
  FUSION: X=-0.000012  Y=+0.000000  Z=+0.085100

🧭 HƯỚNG (Euler - độ):
  LEFT:   Roll=  +1.52°  Pitch=  -2.42°  Yaw= -92.54°
  RIGHT:  Roll=  -1.57°  Pitch=  -2.95°  Yaw= +18.88°
  FUSION: Roll=  +0.12°  Pitch=  -3.50°  Yaw= -36.85°

📊 QUATERNION (Baselink):
  LEFT:   w=-0.6912  x=+0.0061  y=+0.0242  z=+0.7222
  RIGHT:  w=+0.9861  x=-0.0093  y=-0.0277  z=+0.1636
  FUSION: w=-0.9483  x=+0.0087  y=+0.0293  z=+0.3159

--------------------------------------------------------------------------------
⏰ 13:47:38 [Iteration 4]

  📤 Requesting IMU data...
  ✓ LEFT raw:  ['-0.6830', '0.0304', '-0.0163', '0.7296']
  ✓ RIGHT raw: ['0.9848', '-0.0376', '0.0096', '0.1692']

  🧭 EULER GỐC (chưa transform - so trực tiếp với gyroacce.py):
     LEFT:  Roll=  -3.74°  Pitch=  -1.26°  Yaw= -93.74°
     RIGHT: Roll=  -4.06°  Pitch=  +1.81°  Yaw= +19.43°

  🔍 LEFT TRANSFORM DEBUG:
     [Result] q_baselink:         w=-0.6830 x=+0.0163 y=+0.0304 z=+0.7296

  🔍 RIGHT TRANSFORM DEBUG:
     [Result] q_baselink:         w=+0.9848 x=-0.0096 y=-0.0376 z=+0.1692

  📊 NORM CHECK (after transform):
     LEFT:  ||q|| = 1.000000 ✅
     RIGHT: ||q|| = 1.000000 ✅

📍 VỊ TRÍ (Baselink):
  LEFT:   X=-0.000024  Y=-0.015000  Z=+0.085100
  RIGHT:  X=+0.000000  Y=+0.015000  Z=+0.085100
  FUSION: X=-0.000012  Y=+0.000000  Z=+0.085100

🧭 HƯỚNG (Euler - độ):
  LEFT:   Roll=  +1.27°  Pitch=  -3.74°  Yaw= -93.82°
  RIGHT:  Roll=  -1.82°  Pitch=  -4.06°  Yaw= +19.56°
  FUSION: Roll=  -0.19°  Pitch=  -4.73°  Yaw= -37.14°

📊 QUATERNION (Baselink):
  LEFT:   w=-0.6830  x=+0.0163  y=+0.0304  z=+0.7296
  RIGHT:  w=+0.9848  x=-0.0096  y=-0.0376  z=+0.1692
  FUSION: w=-0.9471  x=+0.0147  y=+0.0386  z=+0.3182

--------------------------------------------------------------------------------
⏰ 13:47:39 [Iteration 5]

  📤 Requesting IMU data...
  ✓ LEFT raw:  ['-0.6775', '0.0004', '0.0111', '0.7355']
  ✓ RIGHT raw: ['0.9857', '-0.0030', '0.0183', '0.1672']

  🧭 EULER GỐC (chưa transform - so trực tiếp với gyroacce.py):
     LEFT:  Roll=  +0.90°  Pitch=  -0.90°  Yaw= -94.71°
     RIGHT: Roll=  +0.01°  Pitch=  +2.13°  Yaw= +19.26°

  🔍 LEFT TRANSFORM DEBUG:
     [Result] q_baselink:         w=-0.6775 x=-0.0111 y=+0.0004 z=+0.7355

  🔍 RIGHT TRANSFORM DEBUG:
     [Result] q_baselink:         w=+0.9857 x=-0.0183 y=-0.0030 z=+0.1672

  📊 NORM CHECK (after transform):
     LEFT:  ||q|| = 1.000000 ✅
     RIGHT: ||q|| = 1.000000 ✅

📍 VỊ TRÍ (Baselink):
  LEFT:   X=-0.000024  Y=-0.015000  Z=+0.085100
  RIGHT:  X=+0.000000  Y=+0.015000  Z=+0.085100
  FUSION: X=-0.000012  Y=+0.000000  Z=+0.085100

🧭 HƯỚNG (Euler - độ):
  LEFT:   Roll=  +0.90°  Pitch=  +0.90°  Yaw= -94.69°
  RIGHT:  Roll=  -2.13°  Pitch=  +0.01°  Yaw= +19.26°
  FUSION: Roll=  -0.37°  Pitch=  -0.36°  Yaw= -37.72°

📊 QUATERNION (Baselink):
  LEFT:   w=-0.6775  x=-0.0111  y=+0.0004  z=+0.7355
  RIGHT:  w=+0.9857  x=-0.0183  y=-0.0030  z=+0.1672
  FUSION: w=-0.9463  x=+0.0041  y=+0.0020  z=+0.3233

--------------------------------------------------------------------------------
⏰ 13:47:41 [Iteration 6]

  📤 Requesting IMU data...
  ✓ LEFT raw:  ['-0.6767', '0.0167', '-0.0026', '0.7361']
  ✓ RIGHT raw: ['0.9857', '-0.0125', '0.0138', '0.1672']

  🧭 EULER GỐC (chưa transform - so trực tiếp với gyroacce.py):
     LEFT:  Roll=  -1.51°  Pitch=  -1.21°  Yaw= -94.80°
     RIGHT: Roll=  -1.15°  Pitch=  +1.80°  Yaw= +19.23°

  🔍 LEFT TRANSFORM DEBUG:
     [Result] q_baselink:         w=-0.6767 x=+0.0026 y=+0.0167 z=+0.7361

  🔍 RIGHT TRANSFORM DEBUG:
     [Result] q_baselink:         w=+0.9857 x=-0.0138 y=-0.0125 z=+0.1672

  📊 NORM CHECK (after transform):
     LEFT:  ||q|| = 1.000000 ✅
     RIGHT: ||q|| = 1.000000 ✅

📍 VỊ TRÍ (Baselink):
  LEFT:   X=-0.000024  Y=-0.015000  Z=+0.085100
  RIGHT:  X=+0.000000  Y=+0.015000  Z=+0.085100
  FUSION: X=-0.000012  Y=+0.000000  Z=+0.085100

🧭 HƯỚNG (Euler - độ):
  LEFT:   Roll=  +1.21°  Pitch=  -1.51°  Yaw= -94.83°
  RIGHT:  Roll=  -1.80°  Pitch=  -1.15°  Yaw= +19.27°
  FUSION: Roll=  -0.39°  Pitch=  -2.15°  Yaw= -37.78°

📊 QUATERNION (Baselink):
  LEFT:   w=-0.6767  x=+0.0026  y=+0.0167  z=+0.7361
  RIGHT:  w=+0.9857  x=-0.0138  y=-0.0125  z=+0.1672
  FUSION: w=-0.9460  x=+0.0093  y=+0.0166  z=+0.3237

--------------------------------------------------------------------------------
⏰ 13:47:42 [Iteration 7]

  📤 Requesting IMU data...
  ✓ LEFT raw:  ['-0.6761', '0.0232', '-0.0030', '0.7364']
  ✓ RIGHT raw: ['0.9854', '-0.0212', '0.0142', '0.1682']

  🧭 EULER GỐC (chưa transform - so trực tiếp với gyroacce.py):
     LEFT:  Roll=  -2.05°  Pitch=  -1.72°  Yaw= -94.86°
     RIGHT: Roll=  -2.12°  Pitch=  +2.01°  Yaw= +19.34°

  🔍 LEFT TRANSFORM DEBUG:
     [Result] q_baselink:         w=-0.6761 x=+0.0030 y=+0.0232 z=+0.7364

  🔍 RIGHT TRANSFORM DEBUG:
     [Result] q_baselink:         w=+0.9854 x=-0.0142 y=-0.0212 z=+0.1682

  📊 NORM CHECK (after transform):
     LEFT:  ||q|| = 1.000000 ✅
     RIGHT: ||q|| = 1.000000 ✅

📍 VỊ TRÍ (Baselink):
  LEFT:   X=-0.000024  Y=-0.015000  Z=+0.085100
  RIGHT:  X=+0.000000  Y=+0.015000  Z=+0.085100
  FUSION: X=-0.000012  Y=+0.000000  Z=+0.085100

🧭 HƯỚNG (Euler - độ):
  LEFT:   Roll=  +1.72°  Pitch=  -2.05°  Yaw= -94.92°
  RIGHT:  Roll=  -2.01°  Pitch=  -2.12°  Yaw= +19.41°
  FUSION: Roll=  -0.12°  Pitch=  -3.10°  Yaw= -37.76°

📊 QUATERNION (Baselink):
  LEFT:   w=-0.6761  x=+0.0030  y=+0.0232  z=+0.7364
  RIGHT:  w=+0.9854  x=-0.0142  y=-0.0212  z=+0.1682
  FUSION: w=-0.9459  x=+0.0098  y=+0.0253  z=+0.3235

--------------------------------------------------------------------------------
⏰ 13:47:43 [Iteration 8]

  📤 Requesting IMU data...
  ✓ LEFT raw:  ['-0.6674', '0.0066', '0.0114', '0.7446']
  ✓ RIGHT raw: ['0.9851', '-0.0021', '0.0184', '0.1712']

  🧭 EULER GỐC (chưa transform - so trực tiếp với gyroacce.py):
     LEFT:  Roll=  +0.46°  Pitch=  -1.44°  Yaw= -96.27°
     RIGHT: Roll=  +0.12°  Pitch=  +2.12°  Yaw= +19.72°

  🔍 LEFT TRANSFORM DEBUG:
     [Result] q_baselink:         w=-0.6674 x=-0.0114 y=+0.0066 z=+0.7446

  🔍 RIGHT TRANSFORM DEBUG:
     [Result] q_baselink:         w=+0.9851 x=-0.0184 y=-0.0021 z=+0.1712

  📊 NORM CHECK (after transform):
     LEFT:  ||q|| = 1.000000 ✅
     RIGHT: ||q|| = 1.000000 ✅

📍 VỊ TRÍ (Baselink):
  LEFT:   X=-0.000024  Y=-0.015000  Z=+0.085100
  RIGHT:  X=+0.000000  Y=+0.015000  Z=+0.085100
  FUSION: X=-0.000012  Y=+0.000000  Z=+0.085100

🧭 HƯỚNG (Euler - độ):
  LEFT:   Roll=  +1.44°  Pitch=  +0.46°  Yaw= -96.26°
  RIGHT:  Roll=  -2.12°  Pitch=  +0.12°  Yaw= +19.71°
  FUSION: Roll=  -0.25°  Pitch=  -0.69°  Yaw= -38.27°

📊 QUATERNION (Baselink):
  LEFT:   w=-0.6674  x=-0.0114  y=+0.0066  z=+0.7446
  RIGHT:  w=+0.9851  x=-0.0184  y=-0.0021  z=+0.1712
  FUSION: w=-0.9447  x=+0.0040  y=+0.0050  z=+0.3278

--------------------------------------------------------------------------------
⏰ 13:47:44 [Iteration 9]

  📤 Requesting IMU data...
  ✓ LEFT raw:  ['-0.6751', '-0.0147', '0.0335', '0.7368']
  ✓ RIGHT raw: ['0.9854', '0.0244', '0.0233', '0.1668']

  🧭 EULER GỐC (chưa transform - so trực tiếp với gyroacce.py):
     LEFT:  Roll=  +3.97°  Pitch=  -1.35°  Yaw= -95.05°
     RIGHT: Roll=  +3.21°  Pitch=  +2.16°  Yaw= +19.28°

  🔍 LEFT TRANSFORM DEBUG:
     [Result] q_baselink:         w=-0.6751 x=-0.0335 y=-0.0147 z=+0.7368

  🔍 RIGHT TRANSFORM DEBUG:
     [Result] q_baselink:         w=+0.9854 x=-0.0233 y=+0.0244 z=+0.1668

  📊 NORM CHECK (after transform):
     LEFT:  ||q|| = 1.000000 ✅
     RIGHT: ||q|| = 1.000000 ✅

📍 VỊ TRÍ (Baselink):
  LEFT:   X=-0.000024  Y=-0.015000  Z=+0.085100
  RIGHT:  X=+0.000000  Y=+0.015000  Z=+0.085100
  FUSION: X=-0.000012  Y=+0.000000  Z=+0.085100

🧭 HƯỚNG (Euler - độ):
  LEFT:   Roll=  +1.36°  Pitch=  +3.97°  Yaw= -94.95°
  RIGHT:  Roll=  -2.17°  Pitch=  +3.21°  Yaw= +19.16°
  FUSION: Roll=  -0.20°  Pitch=  +2.63°  Yaw= -37.89°

📊 QUATERNION (Baselink):
  LEFT:   w=-0.6751  x=-0.0335  y=-0.0147  z=+0.7368
  RIGHT:  w=+0.9854  x=-0.0233  y=+0.0244  z=+0.1668
  FUSION: w=-0.9456  x=-0.0058  y=-0.0223  z=+0.3246

--------------------------------------------------------------------------------
⏰ 13:47:45 [Iteration 10]

  📤 Requesting IMU data...
  ✓ LEFT raw:  ['-0.6833', '-0.0314', '0.0448', '0.7280']
  ✓ RIGHT raw: ['0.9847', '0.0405', '0.0260', '0.1673']

  🧭 EULER GỐC (chưa transform - so trực tiếp với gyroacce.py):
     LEFT:  Roll=  +6.20°  Pitch=  -0.89°  Yaw= -93.68°
     RIGHT: Roll=  +5.08°  Pitch=  +2.16°  Yaw= +19.38°

  🔍 LEFT TRANSFORM DEBUG:
     [Result] q_baselink:         w=-0.6833 x=-0.0448 y=-0.0314 z=+0.7280

  🔍 RIGHT TRANSFORM DEBUG:
     [Result] q_baselink:         w=+0.9847 x=-0.0260 y=+0.0405 z=+0.1673

  📊 NORM CHECK (after transform):
     LEFT:  ||q|| = 1.000000 ✅
     RIGHT: ||q|| = 1.000000 ✅

📍 VỊ TRÍ (Baselink):
  LEFT:   X=-0.000024  Y=-0.015000  Z=+0.085100
  RIGHT:  X=+0.000000  Y=+0.015000  Z=+0.085100
  FUSION: X=-0.000012  Y=+0.000000  Z=+0.085100

🧭 HƯỚNG (Euler - độ):
  LEFT:   Roll=  +0.90°  Pitch=  +6.20°  Yaw= -93.58°
  RIGHT:  Roll=  -2.17°  Pitch=  +5.07°  Yaw= +19.19°
  FUSION: Roll=  -0.33°  Pitch=  +4.82°  Yaw= -37.18°

📊 QUATERNION (Baselink):
  LEFT:   w=-0.6833  x=-0.0448  y=-0.0314  z=+0.7280
  RIGHT:  w=+0.9847  x=-0.0260  y=+0.0405  z=+0.1673
  FUSION: w=-0.9470  x=-0.0106  y=-0.0408  z=+0.3184

--------------------------------------------------------------------------------
⏰ 13:47:46 [Iteration 11]

  📤 Requesting IMU data...
  ✓ LEFT raw:  ['-0.6920', '0.0119', '0.0077', '0.7217']
  ✓ RIGHT raw: ['0.9858', '-0.0171', '0.0163', '0.1660']

  🧭 EULER GỐC (chưa transform - so trực tiếp với gyroacce.py):
     LEFT:  Roll=  -0.31°  Pitch=  -1.59°  Yaw= -92.40°
     RIGHT: Roll=  -1.62°  Pitch=  +2.17°  Yaw= +19.08°

  🔍 LEFT TRANSFORM DEBUG:
     [Result] q_baselink:         w=-0.6920 x=-0.0077 y=+0.0119 z=+0.7217

  🔍 RIGHT TRANSFORM DEBUG:
     [Result] q_baselink:         w=+0.9858 x=-0.0163 y=-0.0171 z=+0.1660

  📊 NORM CHECK (after transform):
     LEFT:  ||q|| = 1.000000 ✅
     RIGHT: ||q|| = 1.000000 ✅

📍 VỊ TRÍ (Baselink):
  LEFT:   X=-0.000024  Y=-0.015000  Z=+0.085100
  RIGHT:  X=+0.000000  Y=+0.015000  Z=+0.085100
  FUSION: X=-0.000012  Y=+0.000000  Z=+0.085100

🧭 HƯỚNG (Euler - độ):
  LEFT:   Roll=  +1.59°  Pitch=  -0.31°  Yaw= -92.41°
  RIGHT:  Roll=  -2.17°  Pitch=  -1.62°  Yaw= +19.14°
  FUSION: Roll=  +0.06°  Pitch=  -1.96°  Yaw= -36.66°

📊 QUATERNION (Baselink):
  LEFT:   w=-0.6920  x=-0.0077  y=+0.0119  z=+0.7217
  RIGHT:  w=+0.9858  x=-0.0163  y=-0.0171  z=+0.1660
  FUSION: w=-0.9491  x=+0.0049  y=+0.0164  z=+0.3144

--------------------------------------------------------------------------------
⏰ 13:47:47 [Iteration 12]

  📤 Requesting IMU data...
  ✓ LEFT raw:  ['-0.6950', '0.0343', '-0.0114', '0.7181']
  ✓ RIGHT raw: ['0.9851', '-0.0437', '0.0072', '0.1663']

  🧭 EULER GỐC (chưa transform - so trực tiếp với gyroacce.py):
     LEFT:  Roll=  -3.68°  Pitch=  -1.92°  Yaw= -91.81°
     RIGHT: Roll=  -4.80°  Pitch=  +1.64°  Yaw= +19.09°

  🔍 LEFT TRANSFORM DEBUG:
     [Result] q_baselink:         w=-0.6950 x=+0.0114 y=+0.0343 z=+0.7181

  🔍 RIGHT TRANSFORM DEBUG:
     [Result] q_baselink:         w=+0.9851 x=-0.0072 y=-0.0437 z=+0.1663

  📊 NORM CHECK (after transform):
     LEFT:  ||q|| = 1.000000 ✅
     RIGHT: ||q|| = 1.000000 ✅

📍 VỊ TRÍ (Baselink):
  LEFT:   X=-0.000024  Y=-0.015000  Z=+0.085100
  RIGHT:  X=+0.000000  Y=+0.015000  Z=+0.085100
  FUSION: X=-0.000012  Y=+0.000000  Z=+0.085100

🧭 HƯỚNG (Euler - độ):
  LEFT:   Roll=  +1.92°  Pitch=  -3.68°  Yaw= -91.94°
  RIGHT:  Roll=  -1.65°  Pitch=  -4.80°  Yaw= +19.23°
  FUSION: Roll=  +0.43°  Pitch=  -5.17°  Yaw= -36.39°

📊 QUATERNION (Baselink):
  LEFT:   w=-0.6950  x=+0.0114  y=+0.0343  z=+0.7181
  RIGHT:  w=+0.9851  x=-0.0072  y=-0.0437  z=+0.1663
  FUSION: w=-0.9491  x=+0.0105  y=+0.0441  z=+0.3117

--------------------------------------------------------------------------------
⏰ 13:47:49 [Iteration 13]

  📤 Requesting IMU data...
  ✓ LEFT raw:  ['-0.6995', '0.0811', '-0.0579', '0.7077']
  ✓ RIGHT raw: ['0.9804', '-0.1042', '-0.0084', '0.1667']

  🧭 EULER GỐC (chưa transform - so trực tiếp với gyroacce.py):
     LEFT:  Roll= -11.27°  Pitch=  -1.94°  Yaw= -90.47°
     RIGHT: Roll= -11.96°  Pitch=  +1.05°  Yaw= +19.19°

  🔍 LEFT TRANSFORM DEBUG:
     [Result] q_baselink:         w=-0.6995 x=+0.0579 y=+0.0811 z=+0.7077

  🔍 RIGHT TRANSFORM DEBUG:
     [Result] q_baselink:         w=+0.9804 x=+0.0084 y=-0.1042 z=+0.1667

  📊 NORM CHECK (after transform):
     LEFT:  ||q|| = 1.000000 ✅
     RIGHT: ||q|| = 1.000000 ✅

📍 VỊ TRÍ (Baselink):
  LEFT:   X=-0.000024  Y=-0.015000  Z=+0.085100
  RIGHT:  X=+0.000000  Y=+0.015000  Z=+0.085100
  FUSION: X=-0.000012  Y=+0.000000  Z=+0.085100

🧭 HƯỚNG (Euler - độ):
  LEFT:   Roll=  +1.98°  Pitch= -11.27°  Yaw= -90.86°
  RIGHT:  Roll=  -1.07°  Pitch= -11.96°  Yaw= +19.41°
  FUSION: Roll=  +0.64°  Pitch= -12.39°  Yaw= -35.77°

📊 QUATERNION (Baselink):
  LEFT:   w=-0.6995  x=+0.0579  y=+0.0811  z=+0.7077
  RIGHT:  w=+0.9804  x=+0.0084  y=-0.1042  z=+0.1667
  FUSION: w=-0.9463  x=+0.0279  y=+0.1044  z=+0.3047

--------------------------------------------------------------------------------
⏰ 13:47:50 [Iteration 14]

  📤 Requesting IMU data...
  ✓ LEFT raw:  ['-0.7005', '0.0858', '-0.0622', '0.7057']
  ✓ RIGHT raw: ['0.9798', '-0.1156', '-0.0100', '0.1628']

  🧭 EULER GỐC (chưa transform - so trực tiếp với gyroacce.py):
     LEFT:  Roll= -12.02°  Pitch=  -1.95°  Yaw= -90.22°
     RIGHT: Roll= -13.29°  Pitch=  +1.03°  Yaw= +18.74°

  🔍 LEFT TRANSFORM DEBUG:
     [Result] q_baselink:         w=-0.7005 x=+0.0622 y=+0.0858 z=+0.7057

  🔍 RIGHT TRANSFORM DEBUG:
     [Result] q_baselink:         w=+0.9798 x=+0.0100 y=-0.1156 z=+0.1628

  📊 NORM CHECK (after transform):
     LEFT:  ||q|| = 1.000000 ✅
     RIGHT: ||q|| = 1.000000 ✅

📍 VỊ TRÍ (Baselink):
  LEFT:   X=-0.000024  Y=-0.015000  Z=+0.085100
  RIGHT:  X=+0.000000  Y=+0.015000  Z=+0.085100
  FUSION: X=-0.000012  Y=+0.000000  Z=+0.085100

🧭 HƯỚNG (Euler - độ):
  LEFT:   Roll=  +1.99°  Pitch= -12.01°  Yaw= -90.63°
  RIGHT:  Roll=  -1.06°  Pitch= -13.29°  Yaw= +18.99°
  FUSION: Roll=  +0.81°  Pitch= -13.42°  Yaw= -35.91°

📊 QUATERNION (Baselink):
  LEFT:   w=-0.7005  x=+0.0622  y=+0.0858  z=+0.7057
  RIGHT:  w=+0.9798  x=+0.0100  y=-0.1156  z=+0.1628
  FUSION: w=-0.9450  x=+0.0294  y=+0.1133  z=+0.3054

--------------------------------------------------------------------------------
⏰ 13:47:51 [Iteration 15]

  📤 Requesting IMU data...
  ✓ LEFT raw:  ['-0.7087', '0.0820', '-0.0512', '0.6989']
  ✓ RIGHT raw: ['0.9859', '0.0055', '0.0194', '0.1659']

  🧭 EULER GỐC (chưa transform - so trực tiếp với gyroacce.py):
     LEFT:  Roll= -10.83°  Pitch=  -2.41°  Yaw= -88.97°
     RIGHT: Roll=  +0.99°  Pitch=  +2.09°  Yaw= +19.12°

  🔍 LEFT TRANSFORM DEBUG:
     [Result] q_baselink:         w=-0.7087 x=+0.0512 y=+0.0820 z=+0.6989

  🔍 RIGHT TRANSFORM DEBUG:
     [Result] q_baselink:         w=+0.9859 x=-0.0194 y=+0.0055 z=+0.1659

  📊 NORM CHECK (after transform):
     LEFT:  ||q|| = 1.000000 ✅
     RIGHT: ||q|| = 1.000000 ✅

📍 VỊ TRÍ (Baselink):
  LEFT:   X=-0.000024  Y=-0.015000  Z=+0.085100
  RIGHT:  X=+0.000000  Y=+0.015000  Z=+0.085100
  FUSION: X=-0.000012  Y=+0.000000  Z=+0.085100

🧭 HƯỚNG (Euler - độ):
  LEFT:   Roll=  +2.45°  Pitch= -10.82°  Yaw= -89.43°
  RIGHT:  Roll=  -2.09°  Pitch=  +0.99°  Yaw= +19.09°
  FUSION: Roll=  -2.87°  Pitch=  -6.06°  Yaw= -34.76°

📊 QUATERNION (Baselink):
  LEFT:   w=-0.7087  x=+0.0512  y=+0.0820  z=+0.6989
  RIGHT:  w=+0.9859  x=-0.0194  y=+0.0055  z=+0.1659
  FUSION: w=-0.9523  x=+0.0397  y=+0.0430  z=+0.2995

--------------------------------------------------------------------------------
⏰ 13:47:52 [Iteration 16]

  📤 Requesting IMU data...
  ✓ LEFT raw:  ['-0.7109', '0.0296', '-0.0108', '0.7025']
  ✓ RIGHT raw: ['0.9850', '-0.0380', '0.0091', '0.1680']

  🧭 EULER GỐC (chưa transform - so trực tiếp với gyroacce.py):
     LEFT:  Roll=  -3.29°  Pitch=  -1.50°  Yaw= -89.28°
     RIGHT: Roll=  -4.13°  Pitch=  +1.76°  Yaw= +19.29°

  🔍 LEFT TRANSFORM DEBUG:
     [Result] q_baselink:         w=-0.7109 x=+0.0108 y=+0.0296 z=+0.7025

  🔍 RIGHT TRANSFORM DEBUG:
     [Result] q_baselink:         w=+0.9850 x=-0.0091 y=-0.0380 z=+0.1680

  📊 NORM CHECK (after transform):
     LEFT:  ||q|| = 1.000000 ✅
     RIGHT: ||q|| = 1.000000 ✅

📍 VỊ TRÍ (Baselink):
  LEFT:   X=-0.000024  Y=-0.015000  Z=+0.085100
  RIGHT:  X=+0.000000  Y=+0.015000  Z=+0.085100
  FUSION: X=-0.000012  Y=+0.000000  Z=+0.085100

🧭 HƯỚNG (Euler - độ):
  LEFT:   Roll=  +1.51°  Pitch=  -3.29°  Yaw= -89.36°
  RIGHT:  Roll=  -1.76°  Pitch=  -4.12°  Yaw= +19.42°
  FUSION: Roll=  +0.09°  Pitch=  -4.54°  Yaw= -34.99°

📊 QUATERNION (Baselink):
  LEFT:   w=-0.7109  x=+0.0108  y=+0.0296  z=+0.7025
  RIGHT:  w=+0.9850  x=-0.0091  y=-0.0380  z=+0.1680
  FUSION: w=-0.9530  x=+0.0112  y=+0.0380  z=+0.3004

--------------------------------------------------------------------------------
⏰ 13:47:53 [Iteration 17]

  📤 Requesting IMU data...
  ✓ LEFT raw:  ['-0.7190', '0.0554', '-0.0313', '0.6921']
  ✓ RIGHT raw: ['0.9836', '-0.0692', '0.0015', '0.1668']

  🧭 EULER GỐC (chưa transform - so trực tiếp với gyroacce.py):
     LEFT:  Roll=  -7.06°  Pitch=  -1.81°  Yaw= -87.70°
     RIGHT: Roll=  -7.79°  Pitch=  +1.50°  Yaw= +19.15°

  🔍 LEFT TRANSFORM DEBUG:
     [Result] q_baselink:         w=-0.7190 x=+0.0313 y=+0.0554 z=+0.6921

  🔍 RIGHT TRANSFORM DEBUG:
     [Result] q_baselink:         w=+0.9836 x=-0.0015 y=-0.0692 z=+0.1668

  📊 NORM CHECK (after transform):
     LEFT:  ||q|| = 1.000000 ✅
     RIGHT: ||q|| = 1.000000 ✅

📍 VỊ TRÍ (Baselink):
  LEFT:   X=-0.000024  Y=-0.015000  Z=+0.085100
  RIGHT:  X=+0.000000  Y=+0.015000  Z=+0.085100
  FUSION: X=-0.000012  Y=+0.000000  Z=+0.085100

🧭 HƯỚNG (Euler - độ):
  LEFT:   Roll=  +1.82°  Pitch=  -7.06°  Yaw= -87.92°
  RIGHT:  Roll=  -1.51°  Pitch=  -7.79°  Yaw= +19.36°
  FUSION: Roll=  +0.34°  Pitch=  -8.26°  Yaw= -34.32°

📊 QUATERNION (Baselink):
  LEFT:   w=-0.7190  x=+0.0313  y=+0.0554  z=+0.6921
  RIGHT:  w=+0.9836  x=-0.0015  y=-0.0692  z=+0.1668
  FUSION: w=-0.9531  x=+0.0184  y=+0.0697  z=+0.2940

--------------------------------------------------------------------------------
⏰ 13:47:54 [Iteration 18]

  📤 Requesting IMU data...
  ✓ LEFT raw:  ['-0.7220', '0.0645', '-0.0347', '0.6880']
  ✓ RIGHT raw: ['0.9821', '-0.0855', '-0.0040', '0.1678']

  🧭 EULER GỐC (chưa transform - so trực tiếp với gyroacce.py):
     LEFT:  Roll=  -8.11°  Pitch=  -2.21°  Yaw= -87.08°
     RIGHT: Roll=  -9.75°  Pitch=  +1.19°  Yaw= +19.28°

  🔍 LEFT TRANSFORM DEBUG:
     [Result] q_baselink:         w=-0.7220 x=+0.0347 y=+0.0645 z=+0.6880

  🔍 RIGHT TRANSFORM DEBUG:
     [Result] q_baselink:         w=+0.9821 x=+0.0040 y=-0.0855 z=+0.1678

  📊 NORM CHECK (after transform):
     LEFT:  ||q|| = 1.000000 ✅
     RIGHT: ||q|| = 1.000000 ✅

📍 VỊ TRÍ (Baselink):
  LEFT:   X=-0.000024  Y=-0.015000  Z=+0.085100
  RIGHT:  X=+0.000000  Y=+0.015000  Z=+0.085100
  FUSION: X=-0.000012  Y=+0.000000  Z=+0.085100

🧭 HƯỚNG (Euler - độ):
  LEFT:   Roll=  +2.24°  Pitch=  -8.10°  Yaw= -87.40°
  RIGHT:  Roll=  -1.21°  Pitch=  -9.75°  Yaw= +19.49°
  FUSION: Roll=  +0.94°  Pitch=  -9.78°  Yaw= -34.03°

📊 QUATERNION (Baselink):
  LEFT:   w=-0.7220  x=+0.0347  y=+0.0645  z=+0.6880
  RIGHT:  w=+0.9821  x=+0.0040  y=-0.0855  z=+0.1678
  FUSION: w=-0.9529  x=+0.0172  y=+0.0839  z=+0.2909

--------------------------------------------------------------------------------
⏰ 13:47:55 [Iteration 19]

  📤 Requesting IMU data...
  ✓ LEFT raw:  ['-0.7257', '0.0797', '-0.0516', '0.6815']
  ✓ RIGHT raw: ['0.9814', '-0.1045', '-0.0071', '0.1611']

  🧭 EULER GỐC (chưa transform - so trực tiếp với gyroacce.py):
     LEFT:  Roll= -10.73°  Pitch=  -1.93°  Yaw= -86.22°
     RIGHT: Roll= -11.98°  Pitch=  +1.13°  Yaw= +18.53°

  🔍 LEFT TRANSFORM DEBUG:
     [Result] q_baselink:         w=-0.7257 x=+0.0516 y=+0.0797 z=+0.6815

  🔍 RIGHT TRANSFORM DEBUG:
     [Result] q_baselink:         w=+0.9814 x=+0.0071 y=-0.1045 z=+0.1611

  📊 NORM CHECK (after transform):
     LEFT:  ||q|| = 1.000000 ✅
     RIGHT: ||q|| = 1.000000 ✅

📍 VỊ TRÍ (Baselink):
  LEFT:   X=-0.000024  Y=-0.015000  Z=+0.085100
  RIGHT:  X=+0.000000  Y=+0.015000  Z=+0.085100
  FUSION: X=-0.000012  Y=+0.000000  Z=+0.085100

🧭 HƯỚNG (Euler - độ):
  LEFT:   Roll=  +1.96°  Pitch= -10.72°  Yaw= -86.58°
  RIGHT:  Roll=  -1.16°  Pitch= -11.98°  Yaw= +18.77°
  FUSION: Roll=  +0.72°  Pitch= -12.11°  Yaw= -33.98°

📊 QUATERNION (Baselink):
  LEFT:   w=-0.7257  x=+0.0516  y=+0.0797  z=+0.6815
  RIGHT:  w=+0.9814  x=+0.0071  y=-0.1045  z=+0.1611
  FUSION: w=-0.9512  x=+0.0248  y=+0.1027  z=+0.2899

--------------------------------------------------------------------------------
⏰ 13:47:57 [Iteration 20]

  📤 Requesting IMU data...
  ✓ LEFT raw:  ['-0.7248', '0.0847', '-0.0538', '0.6816']
  ✓ RIGHT raw: ['0.9810', '-0.1029', '-0.0058', '0.1641']

  🧭 EULER GỐC (chưa transform - so trực tiếp với gyroacce.py):
     LEFT:  Roll= -11.32°  Pitch=  -2.14°  Yaw= -86.27°
     RIGHT: Roll= -11.76°  Pitch=  +1.28°  Yaw= +18.87°

  🔍 LEFT TRANSFORM DEBUG:
     [Result] q_baselink:         w=-0.7248 x=+0.0538 y=+0.0847 z=+0.6816

  🔍 RIGHT TRANSFORM DEBUG:
     [Result] q_baselink:         w=+0.9810 x=+0.0058 y=-0.1029 z=+0.1641

  📊 NORM CHECK (after transform):
     LEFT:  ||q|| = 1.000000 ✅
     RIGHT: ||q|| = 1.000000 ✅

📍 VỊ TRÍ (Baselink):
  LEFT:   X=-0.000024  Y=-0.015000  Z=+0.085100
  RIGHT:  X=+0.000000  Y=+0.015000  Z=+0.085100
  FUSION: X=-0.000012  Y=+0.000000  Z=+0.085100

🧭 HƯỚNG (Euler - độ):
  LEFT:   Roll=  +2.18°  Pitch= -11.31°  Yaw= -86.70°
  RIGHT:  Roll=  -1.31°  Pitch= -11.76°  Yaw= +19.13°
  FUSION: Roll=  +0.55°  Pitch= -12.38°  Yaw= -33.81°

📊 QUATERNION (Baselink):
  LEFT:   w=-0.7248  x=+0.0538  y=+0.0847  z=+0.6816
  RIGHT:  w=+0.9810  x=+0.0058  y=-0.1029  z=+0.1641
  FUSION: w=-0.9513  x=+0.0268  y=+0.1046  z=+0.2886

--------------------------------------------------------------------------------
⏰ 13:47:58 [Iteration 21]

  📤 Requesting IMU data...
  ✓ LEFT raw:  ['-0.7356', '0.0748', '-0.0423', '0.6719']
  ✓ RIGHT raw: ['0.9816', '-0.0965', '-0.0034', '0.1646']

  🧭 EULER GỐC (chưa transform - so trực tiếp với gyroacce.py):
     LEFT:  Roll=  -9.62°  Pitch=  -2.20°  Yaw= -84.63°
     RIGHT: Roll= -10.98°  Pitch=  +1.44°  Yaw= +18.90°

  🔍 LEFT TRANSFORM DEBUG:
     [Result] q_baselink:         w=-0.7356 x=+0.0423 y=+0.0748 z=+0.6719

  🔍 RIGHT TRANSFORM DEBUG:
     [Result] q_baselink:         w=+0.9816 x=+0.0034 y=-0.0965 z=+0.1646

  📊 NORM CHECK (after transform):
     LEFT:  ||q|| = 1.000000 ✅
     RIGHT: ||q|| = 1.000000 ✅

📍 VỊ TRÍ (Baselink):
  LEFT:   X=-0.000024  Y=-0.015000  Z=+0.085100
  RIGHT:  X=+0.000000  Y=+0.015000  Z=+0.085100
  FUSION: X=-0.000012  Y=+0.000000  Z=+0.085100

🧭 HƯỚNG (Euler - độ):
  LEFT:   Roll=  +2.23°  Pitch=  -9.61°  Yaw= -85.00°
  RIGHT:  Roll=  -1.47°  Pitch= -10.98°  Yaw= +19.18°
  FUSION: Roll=  +0.72°  Pitch= -11.18°  Yaw= -32.98°

📊 QUATERNION (Baselink):
  LEFT:   w=-0.7356  x=+0.0423  y=+0.0748  z=+0.6719
  RIGHT:  w=+0.9816  x=+0.0034  y=-0.0965  z=+0.1646
  FUSION: w=-0.9545  x=+0.0216  y=+0.0952  z=+0.2819


👋 Stopped!
